Case #1: Jackpot
Case #2: 254959.650625
Case #3: Jackpot
Case #4: Jackpot
Case #5: Jackpot
Case #6: Jackpot
Case #7: 33701.174317
Case #8: Jackpot
Case #9: Jackpot
Case #10: Jackpot
Case #11: 71249.153463
Case #12: Jackpot
Case #13: Jackpot
Case #14: Jackpot
Case #15: Jackpot
Case #16: Jackpot
Case #17: Jackpot
Case #18: Jackpot
Case #19: Jackpot
Case #20: Jackpot
