Case #1: impossible
Case #2: 42926
Case #3: 43658
Case #4: impossible
Case #5: impossible
Case #6: impossible
Case #7: impossible
Case #8: impossible
Case #9: 43594
Case #10: impossible
Case #11: 41444
Case #12: 42118
Case #13: 43716
Case #14: 42036
Case #15: 42568
Case #16: 41378
Case #17: impossible
Case #18: impossible
Case #19: 45032
Case #20: impossible
